// Jest Snapshot v1, https://goo.gl/fbAQLP

exports[`graphql trainings should return trainings 1`] = `
Object {
  "data": Object {
    "trainings": Array [
      Object {
        "abstract": "Découvrez les nouveautés apportées par ES6 / ES2015, ES2016 et ES2017.",
        "cloudinary_id": "training-javascript",
        "description": "JavaScript est un langage en perpétuelle évolution, chaque année des nouveautés y sont apportées. La formation **JavaScript ES2017** se focalise sur les innovations apportées au langage par **ES2015 (ES6)**, **ES2016** et **ES2017**.

Nous présenterons la **destructuration**, les **modules**, les **arrow functions**, les **classes** et les **générateurs**. Nous aborderons aussi la gestion de l’asynchrone de manière élégante avec les **promises** et **async / await**. Côté outillage nous parlerons de **Babel**, **Webpack** et **ESLint** pour vous permettre d'intégrer ces les nouvelles fonctionnalités dans vos projets.

Un projet sera réalisé en fil rouge. Vous pourrez ainsi mettre en pratique les nouveautés évoquées tout au long de la formation.

### Objectifs
- Découvrir les nouveautés apportées par ES2015 (ES6), ES2016 et ES2017
- Être capable d’utiliser ces nouveautés en production dès le lendemain

### Pré-requis
- Notions de base en développement ou connaissance d'un autre langage de programmation.",
        "duration": 4,
        "name": "JavaScript ES2017",
      },
      Object {
        "abstract": "Apprenez à créer des interfaces web modernes, fluides et interactives.",
        "cloudinary_id": "training-react",
        "description": "React est un moteur de rendu développé par Facebook se démarquant de la concurrence grâce à son architecture innovante, efficace et performante. React a maintenant une place incontestable dans l'écosystème JavaScript.


Pendant cette formation, vous découvrirez l'univers React et comment l'utiliser de façon optimal dans vos projets. Nous aborderons tous les aspects de React : sa philosophie, les **components**, les **applications isomorphiques**, mais aussi **comment bien architecturer son application**, l'**optimiser** et la **débogguer**. Nous vous accompagnerons dans l'installation d'un environnement optimal pour le développement en React avec les outils : **Atom**, **Babel**, **Prettier** et **ESLint**.

Un projet complet sera réalisé en fil rouge durant toute la formation pour vous permettre de mettre en pratique chacune des nouveautés présentées.

### Objectifs
- Découvrir React et maîtriser ses particularités
- Construire votre première application React en respectant les bonnes pratiques
- Utiliser les outils de développement adaptés
- Installer, configurer et utiliser les bibliothèques nécessaires
- Savoir comment intégrer React dans vos projets dès le lendemain

### Pré-requis
- Niveau JavaScript intermédiaire",
        "duration": 3,
        "name": "React",
      },
      Object {
        "abstract": "Maîtrisez la programmation réactive.",
        "cloudinary_id": "training-rxjs",
        "description": "La programmation fonctionnelle est maintenant incontournable dans l'écosystème JavaScript. Mise en avant par Lodash, puis par React et Redux, elle ouvre de nouvelles portes dans le développement web. La programmation Réactive peut être considérée comme l'étape suivante à la programmation fonctionnelle. Popularisée par Angular, le type Observable (coeur de la programmation Réactive) est en cours de standardisation et fera bientôt parti du langage.

La programmation Réactive Fonctionnelle permet de modéliser du code asynchrones sous la forme d'une simple collection avec une dimension temporelle. Très puissante, elle est peut cependant être difficile à appréhender.

RxJS est la bibliothèque la plus complète et la plus populaire pour appliquer ce paradigme. Elle est notamment utilisée dans Angular, ce qui fait d'elle une librairie incontournable.

Dans cette formation vous comprendrez la différence d'approche **pull / push**, le pattern **Observable** et **Observer** et l'**API RxJS dans des cas d'utilisation réels**.

Plusieurs exercices concrets tout au long de la formation vous permettront de mettre en pratique les concepts vus lors de ces deux jours.

### Objectifs
- Comprendre le paradigme de programmation réactive
- Maitriser la librairie RxJS (Développement et Test)
- Savoir appliquer la programmation réactive sur des cas réels

### Pré-requis
- Niveau intermédiaire en JavaScript",
        "duration": 2,
        "name": "RxJS",
      },
      Object {
        "abstract": "Créez des API modernes et évolutives avec GraphQL.",
        "cloudinary_id": "training-graphql",
        "description": "GraphQL est une spécification de requêtes permettant de structurer les réponses à volonté. Elle donne lieux à une nouvelle manière de concevoir des API. En 2012, Facebook se sentait bridé par les limitations des API REST traditionnelles, ils ont donc conçu GraphQL, une API caractérisée par un seul point d'accès et une architecture sous forme de graphe.

Dans cette formation vous découvrirez **une présentation rapide de GraphQL**. S'en suivra un comparatif entre **une API GraphQL et une API REST traditionnelle**. Vous explorerez l'ensemble de la spécification, les **Query**, les **Types**, les **Mutations**, les **Fragments** et apprendrez comment l'utiliser dans vos projets de manière concrète.

Un projet complet sera réalisé en fil rouge durant toute la formation, cela vous permettra de mettre en pratique chacune des nouveautés au fil de la formation.

### Objectifs
- Se familiariser avec GraphQL
- Imaginer et modéliser une API GraphQL
- Déployer et utiliser une API GraphQL dans un environnement JavaScript

### Pré-requis
- Notions de fonctionnement basiques du web (client, server, HTTP,  requêtes, etc...)
- Des bases en Node.js
- Des bases en React",
        "duration": 2,
        "name": "GraphQL",
      },
      Object {
        "abstract": "Passez à la vitesse supérieure en matière de test JavaScript.",
        "cloudinary_id": "training-jest",
        "description": "Jest est le framework de test développé et  utilisé par Facebook. Créé en 2014, il s'est imposé comme référence en tant que framework de tests JavaScript. Jest permet d'optimiser le temps passé à écrire les tests en fournissant un environnement unifié et performant pour une expérience optimale. Il a notamment popularisé le snapshot testing.

Dans cette formation nous verrons comment utiliser Jest pour **tester vos composants React** et **tester votre code côté serveur (Node.js)**. Nous explorerons ensemble le système d'**assertions**, de **mocking** ainsi que le **snapshot testing**. Nous verrons également comment implémenter une **couverture de code simple et efficace avec codecov**.

Nous implémenterons des tests sur des exemples précis pour  vous permettre de faire le parallèle avec vos projets.

### Objectifs
- Maîtriser les meilleures pratiques de test pour des composants React avec Jest
- Savoir utiliser Jest pour tester des modules Node.js

### Pré-requis
- Notions de base en React
- Notions de base en Node.js",
        "duration": 1,
        "name": "Jest",
      },
    ],
  },
}
`;
